src/auth/auth.service.spec.ts(183,1): error TS1128: Declaration or statement expected.
src/auth/auth.service.spec.ts(183,2): error TS1128: Declaration or statement expected.
